------------------------------------------------------------
TimeQuest Timing Analyzer Summary
------------------------------------------------------------

Type  : Slow 1100mV 85C Model Setup 'CLOCK_50'
Slack : -7.093
TNS   : -168.717

Type  : Slow 1100mV 85C Model Setup 'spi2dac:comb_3|clk_1MHz'
Slack : -3.887
TNS   : -61.452

Type  : Slow 1100mV 85C Model Setup 'clockdiv_5000:div5000|count[0]'
Slack : -2.491
TNS   : -33.771

Type  : Slow 1100mV 85C Model Hold 'CLOCK_50'
Slack : -2.570
TNS   : -4.692

Type  : Slow 1100mV 85C Model Hold 'clockdiv_5000:div5000|count[0]'
Slack : 0.721
TNS   : 0.000

Type  : Slow 1100mV 85C Model Hold 'spi2dac:comb_3|clk_1MHz'
Slack : 0.783
TNS   : 0.000

Type  : Slow 1100mV 85C Model Minimum Pulse Width 'clockdiv_5000:div5000|count[0]'
Slack : -2.174
TNS   : -69.528

Type  : Slow 1100mV 85C Model Minimum Pulse Width 'CLOCK_50'
Slack : -0.596
TNS   : -25.517

Type  : Slow 1100mV 85C Model Minimum Pulse Width 'spi2dac:comb_3|clk_1MHz'
Slack : -0.394
TNS   : -10.874

Type  : Slow 1100mV 0C Model Setup 'CLOCK_50'
Slack : -6.892
TNS   : -160.885

Type  : Slow 1100mV 0C Model Setup 'spi2dac:comb_3|clk_1MHz'
Slack : -4.031
TNS   : -62.458

Type  : Slow 1100mV 0C Model Setup 'clockdiv_5000:div5000|count[0]'
Slack : -2.582
TNS   : -35.061

Type  : Slow 1100mV 0C Model Hold 'CLOCK_50'
Slack : -2.729
TNS   : -5.336

Type  : Slow 1100mV 0C Model Hold 'spi2dac:comb_3|clk_1MHz'
Slack : 0.728
TNS   : 0.000

Type  : Slow 1100mV 0C Model Hold 'clockdiv_5000:div5000|count[0]'
Slack : 0.751
TNS   : 0.000

Type  : Slow 1100mV 0C Model Minimum Pulse Width 'clockdiv_5000:div5000|count[0]'
Slack : -2.174
TNS   : -69.923

Type  : Slow 1100mV 0C Model Minimum Pulse Width 'CLOCK_50'
Slack : -0.658
TNS   : -23.147

Type  : Slow 1100mV 0C Model Minimum Pulse Width 'spi2dac:comb_3|clk_1MHz'
Slack : -0.394
TNS   : -10.786

Type  : Fast 1100mV 85C Model Setup 'CLOCK_50'
Slack : -4.379
TNS   : -107.794

Type  : Fast 1100mV 85C Model Setup 'spi2dac:comb_3|clk_1MHz'
Slack : -1.820
TNS   : -27.870

Type  : Fast 1100mV 85C Model Setup 'clockdiv_5000:div5000|count[0]'
Slack : -1.151
TNS   : -13.133

Type  : Fast 1100mV 85C Model Hold 'CLOCK_50'
Slack : -1.555
TNS   : -2.592

Type  : Fast 1100mV 85C Model Hold 'spi2dac:comb_3|clk_1MHz'
Slack : 0.334
TNS   : 0.000

Type  : Fast 1100mV 85C Model Hold 'clockdiv_5000:div5000|count[0]'
Slack : 0.435
TNS   : 0.000

Type  : Fast 1100mV 85C Model Minimum Pulse Width 'clockdiv_5000:div5000|count[0]'
Slack : -2.174
TNS   : -69.356

Type  : Fast 1100mV 85C Model Minimum Pulse Width 'CLOCK_50'
Slack : -0.728
TNS   : -17.860

Type  : Fast 1100mV 85C Model Minimum Pulse Width 'spi2dac:comb_3|clk_1MHz'
Slack : 0.143
TNS   : 0.000

Type  : Fast 1100mV 0C Model Setup 'CLOCK_50'
Slack : -3.805
TNS   : -91.884

Type  : Fast 1100mV 0C Model Setup 'spi2dac:comb_3|clk_1MHz'
Slack : -1.751
TNS   : -26.225

Type  : Fast 1100mV 0C Model Setup 'clockdiv_5000:div5000|count[0]'
Slack : -1.137
TNS   : -12.954

Type  : Fast 1100mV 0C Model Hold 'CLOCK_50'
Slack : -1.586
TNS   : -3.005

Type  : Fast 1100mV 0C Model Hold 'spi2dac:comb_3|clk_1MHz'
Slack : 0.301
TNS   : 0.000

Type  : Fast 1100mV 0C Model Hold 'clockdiv_5000:div5000|count[0]'
Slack : 0.429
TNS   : 0.000

Type  : Fast 1100mV 0C Model Minimum Pulse Width 'clockdiv_5000:div5000|count[0]'
Slack : -2.174
TNS   : -69.784

Type  : Fast 1100mV 0C Model Minimum Pulse Width 'CLOCK_50'
Slack : -0.788
TNS   : -21.160

Type  : Fast 1100mV 0C Model Minimum Pulse Width 'spi2dac:comb_3|clk_1MHz'
Slack : 0.152
TNS   : 0.000

------------------------------------------------------------
